// Jest Snapshot v1, https://goo.gl/fbAQLP

exports[`Flex Test Flex Config 0  1`] = `"<div class='flex' style= ' display: flex;flex-wrap: wrap;flex-direction: column;justify-content: center;width: auto;height: auto;;; '> <div class ='tableCard ' style='width: fit-content;height: auto;margin: 4px 4px; ; ;' > <div class='tableTitle' style=' text-align: left; '> Student Details </div> <table class='table ' style='; ;'> <thead class='tableHead' style=' background-color: #000; ; '> <th class='tableHeadings' style='text-align: left; '> Name </th><th class='tableHeadings' style='text-align: left; '> Year </th><th class='tableHeadings' style='text-align: left; '> scores </th></thead><tbody><tr class ='tableRowOdd' style=';'><td class='tableCell' style= '; text-align: left; '> Dave </td><td class='tableCell' style= '; text-align: left; '> 10 </td><td class='tableCell' style= '; text-align: left; '> 90 </td></tr><tr class ='tableRowOdd' style=';'><td class='tableCell' style= '; text-align: left; '> Sophie </td><td class='tableCell' style= '; text-align: left; '> 9 </td><td class='tableCell' style= '; text-align: left; '> 85 </td></tr><tr class ='tableRowOdd' style=';'><td class='tableCell' style= '; text-align: left; '> Ronaldo </td><td class='tableCell' style= '; text-align: left; '> 12 </td><td class='tableCell' style= '; text-align: left; '> 45 </td></tr></tbody></table></div> <div class ='tableCard ' style='width: fit-content;height: auto;margin: 4px 4px; ; ;' > <div class='tableTitle' style=' text-align: left; '> Student Details </div> <table class='table ' style='; ;'> <thead class='tableHead' style=' background-color: #000; ; '> <th class='tableHeadings' style='text-align: left; '> Name </th><th class='tableHeadings' style='text-align: left; '> Year </th><th class='tableHeadings' style='text-align: left; '> scores </th></thead><tbody><tr class ='tableRowOdd' style=';'><td class='tableCell' style= '; text-align: left; '> Dave </td><td class='tableCell' style= '; text-align: left; '> 10 </td><td class='tableCell' style= '; text-align: left; '> 90 </td></tr><tr class ='tableRowOdd' style=';'><td class='tableCell' style= '; text-align: left; '> Sophie </td><td class='tableCell' style= '; text-align: left; '> 9 </td><td class='tableCell' style= '; text-align: left; '> 85 </td></tr><tr class ='tableRowOdd' style=';'><td class='tableCell' style= '; text-align: left; '> Ronaldo </td><td class='tableCell' style= '; text-align: left; '> 12 </td><td class='tableCell' style= '; text-align: left; '> 45 </td></tr></tbody></table></div><div class='divider' style='width:auto; height:1px; display:block; background-color: rgba(0,0,0,.12); margin:4px; '> </div><div class='text' style= 'font-size: 20px; color: #000; ; '> This page is for testing </div> </div>"`;

exports[`Flex Test Flex Config 1  1`] = `"<div class='flex' style= ' display: flex;flex-wrap: wrap;flex-direction: row;justify-content: flex-start;width: auto;height: auto;background-color: #BBDEFB;; '> <div class ='tableCard ' style='width: fit-content;height: auto;margin: 4px 4px; ; ;' > <div class='tableTitle' style=' text-align: left; '> Student Details </div> <table class='table ' style='; ;'> <thead class='tableHead' style=' background-color: #000; ; '> <th class='tableHeadings' style='text-align: left; '> Name </th><th class='tableHeadings' style='text-align: left; '> Year </th><th class='tableHeadings' style='text-align: left; '> scores </th></thead><tbody><tr class ='tableRowOdd' style=';'><td class='tableCell' style= '; text-align: left; '> Dave </td><td class='tableCell' style= '; text-align: left; '> 10 </td><td class='tableCell' style= '; text-align: left; '> 90 </td></tr><tr class ='tableRowOdd' style=';'><td class='tableCell' style= '; text-align: left; '> Sophie </td><td class='tableCell' style= '; text-align: left; '> 9 </td><td class='tableCell' style= '; text-align: left; '> 85 </td></tr><tr class ='tableRowOdd' style=';'><td class='tableCell' style= '; text-align: left; '> Ronaldo </td><td class='tableCell' style= '; text-align: left; '> 12 </td><td class='tableCell' style= '; text-align: left; '> 45 </td></tr></tbody></table></div> <div class ='tableCard ' style='width: fit-content;height: auto;margin: 4px 4px; ; ;' > <div class='tableTitle' style=' text-align: left; '> Student Details </div> <table class='table ' style='; ;'> <thead class='tableHead' style=' background-color: #000; ; '> <th class='tableHeadings' style='text-align: left; '> Name </th><th class='tableHeadings' style='text-align: left; '> Year </th><th class='tableHeadings' style='text-align: left; '> scores </th></thead><tbody><tr class ='tableRowOdd' style=';'><td class='tableCell' style= '; text-align: left; '> Dave </td><td class='tableCell' style= '; text-align: left; '> 10 </td><td class='tableCell' style= '; text-align: left; '> 90 </td></tr><tr class ='tableRowOdd' style=';'><td class='tableCell' style= '; text-align: left; '> Sophie </td><td class='tableCell' style= '; text-align: left; '> 9 </td><td class='tableCell' style= '; text-align: left; '> 85 </td></tr><tr class ='tableRowOdd' style=';'><td class='tableCell' style= '; text-align: left; '> Ronaldo </td><td class='tableCell' style= '; text-align: left; '> 12 </td><td class='tableCell' style= '; text-align: left; '> 45 </td></tr></tbody></table></div><div class='divider' style='width:1px; height:auto; display:block; background-color: rgba(0,0,0,.12); margin:4px; '> </div><div class='text' style= 'font-size: 20px; color: #000; ; '> This page is for testing </div> </div>"`;

exports[`Flex Test Flex Config 2  1`] = `"<div class='flex' style= ' display: flex;flex-wrap: wrap;flex-direction: row;justify-content: flex-end;width: auto;height: auto;background-color: #F5F5F5;; '> <div class ='tableCard ' style='width: fit-content;height: auto;margin: 4px 4px; ; ;' > <div class='tableTitle' style=' text-align: left; '> Student Details </div> <table class='table ' style='; ;'> <thead class='tableHead' style=' background-color: #000; ; '> <th class='tableHeadings' style='text-align: left; '> Name </th><th class='tableHeadings' style='text-align: left; '> Year </th><th class='tableHeadings' style='text-align: left; '> scores </th></thead><tbody><tr class ='tableRowOdd' style=';'><td class='tableCell' style= '; text-align: left; '> Dave </td><td class='tableCell' style= '; text-align: left; '> 10 </td><td class='tableCell' style= '; text-align: left; '> 90 </td></tr><tr class ='tableRowOdd' style=';'><td class='tableCell' style= '; text-align: left; '> Sophie </td><td class='tableCell' style= '; text-align: left; '> 9 </td><td class='tableCell' style= '; text-align: left; '> 85 </td></tr><tr class ='tableRowOdd' style=';'><td class='tableCell' style= '; text-align: left; '> Ronaldo </td><td class='tableCell' style= '; text-align: left; '> 12 </td><td class='tableCell' style= '; text-align: left; '> 45 </td></tr></tbody></table></div> <div class ='tableCard ' style='width: fit-content;height: auto;margin: 4px 4px; ; ;' > <div class='tableTitle' style=' text-align: left; '> Student Details </div> <table class='table ' style='; ;'> <thead class='tableHead' style=' background-color: #000; ; '> <th class='tableHeadings' style='text-align: left; '> Name </th><th class='tableHeadings' style='text-align: left; '> Year </th><th class='tableHeadings' style='text-align: left; '> scores </th></thead><tbody><tr class ='tableRowOdd' style=';'><td class='tableCell' style= '; text-align: left; '> Dave </td><td class='tableCell' style= '; text-align: left; '> 10 </td><td class='tableCell' style= '; text-align: left; '> 90 </td></tr><tr class ='tableRowOdd' style=';'><td class='tableCell' style= '; text-align: left; '> Sophie </td><td class='tableCell' style= '; text-align: left; '> 9 </td><td class='tableCell' style= '; text-align: left; '> 85 </td></tr><tr class ='tableRowOdd' style=';'><td class='tableCell' style= '; text-align: left; '> Ronaldo </td><td class='tableCell' style= '; text-align: left; '> 12 </td><td class='tableCell' style= '; text-align: left; '> 45 </td></tr></tbody></table></div><div class='divider' style='width:1px; height:auto; display:block; background-color: rgba(0,0,0,.12); margin:4px; '> </div><div class='text' style= 'font-size: 20px; color: #000; ; '> This page is for testing </div> </div>"`;

exports[`Flex Test Flex Config 3  1`] = `"<div class='flex' style= ' display: flex;flex-wrap: wrap;flex-direction: row;justify-content: space-around;width: auto;height: auto;;; '> <div class ='tableCard ' style='width: fit-content;height: auto;margin: 4px 4px; ; ;' > <div class='tableTitle' style=' text-align: left; '> Student Details </div> <table class='table ' style='; ;'> <thead class='tableHead' style=' background-color: #000; ; '> <th class='tableHeadings' style='text-align: left; '> Name </th><th class='tableHeadings' style='text-align: left; '> Year </th><th class='tableHeadings' style='text-align: left; '> scores </th></thead><tbody><tr class ='tableRowOdd' style=';'><td class='tableCell' style= '; text-align: left; '> Dave </td><td class='tableCell' style= '; text-align: left; '> 10 </td><td class='tableCell' style= '; text-align: left; '> 90 </td></tr><tr class ='tableRowOdd' style=';'><td class='tableCell' style= '; text-align: left; '> Sophie </td><td class='tableCell' style= '; text-align: left; '> 9 </td><td class='tableCell' style= '; text-align: left; '> 85 </td></tr><tr class ='tableRowOdd' style=';'><td class='tableCell' style= '; text-align: left; '> Ronaldo </td><td class='tableCell' style= '; text-align: left; '> 12 </td><td class='tableCell' style= '; text-align: left; '> 45 </td></tr></tbody></table></div> <div class ='tableCard ' style='width: fit-content;height: auto;margin: 4px 4px; ; ;' > <div class='tableTitle' style=' text-align: left; '> Student Details </div> <table class='table ' style='; ;'> <thead class='tableHead' style=' background-color: #000; ; '> <th class='tableHeadings' style='text-align: left; '> Name </th><th class='tableHeadings' style='text-align: left; '> Year </th><th class='tableHeadings' style='text-align: left; '> scores </th></thead><tbody><tr class ='tableRowOdd' style=';'><td class='tableCell' style= '; text-align: left; '> Dave </td><td class='tableCell' style= '; text-align: left; '> 10 </td><td class='tableCell' style= '; text-align: left; '> 90 </td></tr><tr class ='tableRowOdd' style=';'><td class='tableCell' style= '; text-align: left; '> Sophie </td><td class='tableCell' style= '; text-align: left; '> 9 </td><td class='tableCell' style= '; text-align: left; '> 85 </td></tr><tr class ='tableRowOdd' style=';'><td class='tableCell' style= '; text-align: left; '> Ronaldo </td><td class='tableCell' style= '; text-align: left; '> 12 </td><td class='tableCell' style= '; text-align: left; '> 45 </td></tr></tbody></table></div><div class='divider' style='width:1px; height:auto; display:block; background-color: rgba(0,0,0,.12); margin:4px; '> </div><div class='text' style= 'font-size: 20px; color: #000; ; '> This page is for testing </div> </div>"`;

exports[`Flex Test Flex Config 4  1`] = `"<div class='flex' style= ' display: flex;flex-wrap: wrap;flex-direction: row;justify-content: space-between;width: auto;height: auto;;; '> <div class ='tableCard ' style='width: fit-content;height: auto;margin: 4px 4px; ; ;' > <div class='tableTitle' style=' text-align: left; '> Student Details </div> <table class='table ' style='; ;'> <thead class='tableHead' style=' background-color: #000; ; '> <th class='tableHeadings' style='text-align: left; '> Name </th><th class='tableHeadings' style='text-align: left; '> Year </th><th class='tableHeadings' style='text-align: left; '> scores </th></thead><tbody><tr class ='tableRowOdd' style=';'><td class='tableCell' style= '; text-align: left; '> Dave </td><td class='tableCell' style= '; text-align: left; '> 10 </td><td class='tableCell' style= '; text-align: left; '> 90 </td></tr><tr class ='tableRowOdd' style=';'><td class='tableCell' style= '; text-align: left; '> Sophie </td><td class='tableCell' style= '; text-align: left; '> 9 </td><td class='tableCell' style= '; text-align: left; '> 85 </td></tr><tr class ='tableRowOdd' style=';'><td class='tableCell' style= '; text-align: left; '> Ronaldo </td><td class='tableCell' style= '; text-align: left; '> 12 </td><td class='tableCell' style= '; text-align: left; '> 45 </td></tr></tbody></table></div> <div class ='tableCard ' style='width: fit-content;height: auto;margin: 4px 4px; ; ;' > <div class='tableTitle' style=' text-align: left; '> Student Details </div> <table class='table ' style='; ;'> <thead class='tableHead' style=' background-color: #000; ; '> <th class='tableHeadings' style='text-align: left; '> Name </th><th class='tableHeadings' style='text-align: left; '> Year </th><th class='tableHeadings' style='text-align: left; '> scores </th></thead><tbody><tr class ='tableRowOdd' style=';'><td class='tableCell' style= '; text-align: left; '> Dave </td><td class='tableCell' style= '; text-align: left; '> 10 </td><td class='tableCell' style= '; text-align: left; '> 90 </td></tr><tr class ='tableRowOdd' style=';'><td class='tableCell' style= '; text-align: left; '> Sophie </td><td class='tableCell' style= '; text-align: left; '> 9 </td><td class='tableCell' style= '; text-align: left; '> 85 </td></tr><tr class ='tableRowOdd' style=';'><td class='tableCell' style= '; text-align: left; '> Ronaldo </td><td class='tableCell' style= '; text-align: left; '> 12 </td><td class='tableCell' style= '; text-align: left; '> 45 </td></tr></tbody></table></div><div class='divider' style='width:1px; height:auto; display:block; background-color: rgba(0,0,0,.12); margin:4px; '> </div><div class='text' style= 'font-size: 20px; color: #000; ; '> This page is for testing </div> </div>"`;

exports[`Flex Test Flex Config 5  1`] = `"<div class='flex' style= ' display: flex;flex-wrap: wrap;flex-direction: row;justify-content: space-evenly;width: auto;height: auto;;; '> <div class ='tableCard ' style='width: fit-content;height: auto;margin: 4px 4px; ; ;' > <div class='tableTitle' style=' text-align: left; '> Student Details </div> <table class='table ' style='; ;'> <thead class='tableHead' style=' background-color: #000; ; '> <th class='tableHeadings' style='text-align: left; '> Name </th><th class='tableHeadings' style='text-align: left; '> Year </th><th class='tableHeadings' style='text-align: left; '> scores </th></thead><tbody><tr class ='tableRowOdd' style=';'><td class='tableCell' style= '; text-align: left; '> Dave </td><td class='tableCell' style= '; text-align: left; '> 10 </td><td class='tableCell' style= '; text-align: left; '> 90 </td></tr><tr class ='tableRowOdd' style=';'><td class='tableCell' style= '; text-align: left; '> Sophie </td><td class='tableCell' style= '; text-align: left; '> 9 </td><td class='tableCell' style= '; text-align: left; '> 85 </td></tr><tr class ='tableRowOdd' style=';'><td class='tableCell' style= '; text-align: left; '> Ronaldo </td><td class='tableCell' style= '; text-align: left; '> 12 </td><td class='tableCell' style= '; text-align: left; '> 45 </td></tr></tbody></table></div> <div class ='tableCard ' style='width: fit-content;height: auto;margin: 4px 4px; ; ;' > <div class='tableTitle' style=' text-align: left; '> Student Details </div> <table class='table ' style='; ;'> <thead class='tableHead' style=' background-color: #000; ; '> <th class='tableHeadings' style='text-align: left; '> Name </th><th class='tableHeadings' style='text-align: left; '> Year </th><th class='tableHeadings' style='text-align: left; '> scores </th></thead><tbody><tr class ='tableRowOdd' style=';'><td class='tableCell' style= '; text-align: left; '> Dave </td><td class='tableCell' style= '; text-align: left; '> 10 </td><td class='tableCell' style= '; text-align: left; '> 90 </td></tr><tr class ='tableRowOdd' style=';'><td class='tableCell' style= '; text-align: left; '> Sophie </td><td class='tableCell' style= '; text-align: left; '> 9 </td><td class='tableCell' style= '; text-align: left; '> 85 </td></tr><tr class ='tableRowOdd' style=';'><td class='tableCell' style= '; text-align: left; '> Ronaldo </td><td class='tableCell' style= '; text-align: left; '> 12 </td><td class='tableCell' style= '; text-align: left; '> 45 </td></tr></tbody></table></div><div class='divider' style='width:1px; height:auto; display:block; background-color: rgba(0,0,0,.12); margin:4px; '> </div><div class='text' style= 'font-size: 20px; color: #000; ; '> This page is for testing </div> </div>"`;

exports[`Flex Test Flex Config 6  1`] = `"<div class='flex' style= ' display: flex;flex-wrap: wrap;flex-direction: row;justify-content: stretch;width: auto;height: auto;;; '> <div class ='tableCard ' style='width: fit-content;height: auto;margin: 4px 4px; ; ;' > <div class='tableTitle' style=' text-align: left; '> Student Details </div> <table class='table ' style='; ;'> <thead class='tableHead' style=' background-color: #000; ; '> <th class='tableHeadings' style='text-align: left; '> Name </th><th class='tableHeadings' style='text-align: left; '> Year </th><th class='tableHeadings' style='text-align: left; '> scores </th></thead><tbody><tr class ='tableRowOdd' style=';'><td class='tableCell' style= '; text-align: left; '> Dave </td><td class='tableCell' style= '; text-align: left; '> 10 </td><td class='tableCell' style= '; text-align: left; '> 90 </td></tr><tr class ='tableRowOdd' style=';'><td class='tableCell' style= '; text-align: left; '> Sophie </td><td class='tableCell' style= '; text-align: left; '> 9 </td><td class='tableCell' style= '; text-align: left; '> 85 </td></tr><tr class ='tableRowOdd' style=';'><td class='tableCell' style= '; text-align: left; '> Ronaldo </td><td class='tableCell' style= '; text-align: left; '> 12 </td><td class='tableCell' style= '; text-align: left; '> 45 </td></tr></tbody></table></div> <div class ='tableCard ' style='width: fit-content;height: auto;margin: 4px 4px; ; ;' > <div class='tableTitle' style=' text-align: left; '> Student Details </div> <table class='table ' style='; ;'> <thead class='tableHead' style=' background-color: #000; ; '> <th class='tableHeadings' style='text-align: left; '> Name </th><th class='tableHeadings' style='text-align: left; '> Year </th><th class='tableHeadings' style='text-align: left; '> scores </th></thead><tbody><tr class ='tableRowOdd' style=';'><td class='tableCell' style= '; text-align: left; '> Dave </td><td class='tableCell' style= '; text-align: left; '> 10 </td><td class='tableCell' style= '; text-align: left; '> 90 </td></tr><tr class ='tableRowOdd' style=';'><td class='tableCell' style= '; text-align: left; '> Sophie </td><td class='tableCell' style= '; text-align: left; '> 9 </td><td class='tableCell' style= '; text-align: left; '> 85 </td></tr><tr class ='tableRowOdd' style=';'><td class='tableCell' style= '; text-align: left; '> Ronaldo </td><td class='tableCell' style= '; text-align: left; '> 12 </td><td class='tableCell' style= '; text-align: left; '> 45 </td></tr></tbody></table></div><div class='divider' style='width:1px; height:auto; display:block; background-color: rgba(0,0,0,.12); margin:4px; '> </div><div class='text' style= 'font-size: 20px; color: #000; ; '> This page is for testing </div> </div>"`;
